================================================================================
INTO THE BITFIELD 2: UBP 3.4 ENHANCED CYMATIC STUDY (STREAMLINED)
================================================================================
UBP Path: /home/ubuntu/UBP_Repo/ubp_3.4
Python: 3.11.0rc1
NumPy: 2.3.3
================================================================================

UBP 3.4 Geometric Foundation:
  Y constant:        0.264675430404527
  1/Y constant:      3.778212425957375
  O_observer:        3.778212425957375
  Y × (1/Y):         1.000000000000000
  O_obs = 1/Y:       True (diff: 4.44e-16)
  PGCI Target:       0.999997

================================================================================
Environment initialized successfully.
================================================================================

Study Configuration:
================================================================================
  N                        : 256
  modulus                  : 997
  num_bits                 : 24
  sparsity_threshold       : 0.5
  tgic_threshold           : 1e-10
  save_outputs             : True
  output_dir               : /home/ubuntu/UBP_Repo/Studies/bitfield_2_outputs
================================================================================


================================================================================
BITFIELD CONSTRUCTION
================================================================================

Building T matrix (256x256) with modulus 997...
  Mean: 491.2617, Std: 288.1274

Applying Y-resonant mask (threshold=0.5)...
  Active: 43898 / 65536 (66.98%)

Building 24-bit bitfield...
  Density: 33.0944%

Construction completed in 0.53s
================================================================================


================================================================================
ADVANCED ANALYSIS
================================================================================

Analyzing TGIC resonance...
  Found 36828 TGIC-resonant positions
  Mean strength: 0.141630

Calculating NRCI field...
  Mean: 0.000000, Max: 0.000000

Calculating observer field...
  Mean: 6.416842, Max: 12.161597

Calculating closure field...
  Mean quality: 0.999940

Analysis completed in 2.75s
================================================================================


================================================================================
CYMATIC VISUALIZATION
================================================================================

Generating spatial cymatics...
  Saved: /home/ubuntu/UBP_Repo/Studies/bitfield_2_outputs/spatial_cymatics.png

Generating frequency cymatics...
  Saved: /home/ubuntu/UBP_Repo/Studies/bitfield_2_outputs/frequency_cymatics.png

Generating advanced field visualizations...
  Saved: /home/ubuntu/UBP_Repo/Studies/bitfield_2_outputs/advanced_cymatics.png

Generating 3D surface: NRCI Coherence Field (3D)...
  Saved: /home/ubuntu/UBP_Repo/Studies/bitfield_2_outputs/nrci_3d.png

Generating 3D surface: Observer Cost Field (3D)...
  Saved: /home/ubuntu/UBP_Repo/Studies/bitfield_2_outputs/observer_3d.png

================================================================================


================================================================================
FINAL SUMMARY
================================================================================

UBP 3.4 Foundation:
  Y = 0.264675430404527
  1/Y = 3.778212425957375
  O_observer = 3.778212425957375
  Match: True

Bitfield: 520,530 active bits / 1,572,864 total (33.0944%)
TGIC Resonance: 36828 positions
NRCI: mean=0.000000, coherent=0.00%
Observer: mean=6.416842, max=12.161597
Closure: mean=0.999940

Outputs saved to: /home/ubuntu/UBP_Repo/Studies/bitfield_2_outputs

================================================================================
STUDY COMPLETE
================================================================================

All data files saved.
