======================================================================
COHERENCE ANALYSIS REPORT
======================================================================
Total states recorded: 15
Minimum NRCI: 0.999997000000
Mean NRCI: 0.999997000000
Coherence degradation rate: 0.00e+00 log-error/step
Closure verified: False (max net refinements: 1)

Operator Usage:
  ⊗Y: 15 times
======================================================================

Detailed History:
----------------------------------------------------------------------
Step 0: entangled_a_initial
  Value: 1.871538e-01
  NRCI: 0.999997000000
  Net refinements: 1
  Composition depth: 1
  Operators: ⊗Y

Step 1: entangled_b_initial
  Value: 1.871538e-01
  NRCI: 0.999997000000
  Net refinements: 1
  Composition depth: 1
  Operators: ⊗Y

Step 2: angle_0.000
  Value: 1.871538e-01
  NRCI: 0.999997000000
  Net refinements: 1
  Composition depth: 1
  Operators: ⊗Y

Step 3: angle_0.262
  Value: 1.871538e-01
  NRCI: 0.999997000000
  Net refinements: 1
  Composition depth: 1
  Operators: ⊗Y

Step 4: angle_0.524
  Value: 1.871538e-01
  NRCI: 0.999997000000
  Net refinements: 1
  Composition depth: 1
  Operators: ⊗Y

Step 5: angle_0.785
  Value: 1.871538e-01
  NRCI: 0.999997000000
  Net refinements: 1
  Composition depth: 1
  Operators: ⊗Y

Step 6: angle_1.047
  Value: 1.871538e-01
  NRCI: 0.999997000000
  Net refinements: 1
  Composition depth: 1
  Operators: ⊗Y

Step 7: angle_1.309
  Value: 1.871538e-01
  NRCI: 0.999997000000
  Net refinements: 1
  Composition depth: 1
  Operators: ⊗Y

Step 8: angle_1.571
  Value: 1.871538e-01
  NRCI: 0.999997000000
  Net refinements: 1
  Composition depth: 1
  Operators: ⊗Y

Step 9: angle_1.833
  Value: 1.871538e-01
  NRCI: 0.999997000000
  Net refinements: 1
  Composition depth: 1
  Operators: ⊗Y

Step 10: angle_2.094
  Value: 1.871538e-01
  NRCI: 0.999997000000
  Net refinements: 1
  Composition depth: 1
  Operators: ⊗Y

Step 11: angle_2.356
  Value: 1.871538e-01
  NRCI: 0.999997000000
  Net refinements: 1
  Composition depth: 1
  Operators: ⊗Y

Step 12: angle_2.618
  Value: 1.871538e-01
  NRCI: 0.999997000000
  Net refinements: 1
  Composition depth: 1
  Operators: ⊗Y

Step 13: angle_2.880
  Value: 1.871538e-01
  NRCI: 0.999997000000
  Net refinements: 1
  Composition depth: 1
  Operators: ⊗Y

Step 14: angle_3.142
  Value: 1.871538e-01
  NRCI: 0.999997000000
  Net refinements: 1
  Composition depth: 1
  Operators: ⊗Y

