======================================================================
MULTI-REALM UBP SYSTEM VALIDATION - COMPLETE
======================================================================
Testing all 9 physical realms with verified correct APIs...

1. Testing Quantum Realm...
----------------------------------------------------------------------
✅ PASS - Tunneling: 1.046802e-04, Entanglement: 1.000000

2. Testing Atomic Realm...
----------------------------------------------------------------------
✅ PASS - Lyman: 121.50 nm, CO2 vib: 1.39e+12 Hz

3. Testing Electromagnetic Realm...
----------------------------------------------------------------------
✅ PASS - Tunneling: 1.256966e-20, Entanglement: 1.000000

4. Testing Optical Realm...
----------------------------------------------------------------------
✅ PASS - Tunneling: 9.845473e-200, Entanglement: 1.000000

5. Testing Nuclear Realm...
----------------------------------------------------------------------
✅ PASS - Tunneling: 1.127525e-203, Entanglement: 1.000000

6. Testing Gravitational Realm...
----------------------------------------------------------------------
✅ PASS - LIGO: 6.221860e+07 CU, Resonance: 2.006878

7. Testing Biological Realm...
----------------------------------------------------------------------
✅ PASS - Tunneling: 1.011501e-01, Entanglement: 1.000000

8. Testing Plasma Realm...
----------------------------------------------------------------------
✅ PASS - Tunneling: 0.000000e+00, Entanglement: 1.000000

9. Testing Cosmological Realm...
----------------------------------------------------------------------
✅ PASS - CMB: 2.847840e+04 CU, Hubble H0: 120.66 km/s/Mpc

======================================================================
MULTI-REALM VALIDATION SUMMARY
======================================================================
Total realms: 9
✅ Passed: 9
❌ Failed: 0
⏱️  Elapsed time: 0.00 seconds
======================================================================

🎉 ALL REALMS PASS! GPU UBP system is complete and validated.

✅ Results exported to multi_realm_validation_complete.json
