================================================================================
GENERATING PUBLICATION FIGURES
================================================================================
✅ Results loaded

Generating Figure 1: Mass Spectrum Overview...
✅ Saved: 01_mass_spectrum.png/pdf

Generating Figure 2: Geometric Law Validation...
✅ Saved: 02_geometric_law_validation.png/pdf

Generating Figure 3: Delta Tau Search Results...
✅ Saved: 03_delta_tau_search.png/pdf

Generating Figure 4: Delta W Search Results...
✅ Saved: 04_delta_w_search.png/pdf

Generating Figure 5: CKM Matrix Results...
✅ Saved: 05_ckm_matrix.png/pdf

Generating summary table...
✅ Saved: ubp_final_summary.csv

================================================================================
✅ All figures generated successfully!
================================================================================

Generated files:
  📊 01_mass_spectrum.png/pdf
  📊 02_geometric_law_validation.png/pdf
  📊 03_delta_tau_search.png/pdf
  📊 04_delta_w_search.png/pdf
  📊 05_ckm_matrix.png/pdf
  📄 ubp_final_summary.csv
