\BOOKMARK [1][-]{section.1}{\376\377\000I\000n\000t\000r\000o\000d\000u\000c\000t\000i\000o\000n}{}% 1
\BOOKMARK [1][-]{section.2}{\376\377\000M\000e\000t\000h\000o\000d\000s}{}% 2
\BOOKMARK [2][-]{subsection.2.1}{\376\377\000C\000o\000r\000e\000\040\000M\000a\000t\000h\000e\000m\000a\000t\000i\000c\000a\000l\000\040\000F\000r\000a\000m\000e\000w\000o\000r\000k}{section.2}% 3
\BOOKMARK [3][-]{subsubsection.2.1.1}{\376\377\000A\000r\000c\000h\000i\000m\000e\000d\000e\000s\000\040\000P\000i\000\040\000C\000a\000l\000c\000u\000l\000a\000t\000i\000o\000n\000\040\000\050\000F\000i\000r\000s\000t\000-\000P\000r\000i\000n\000c\000i\000p\000l\000e\000s\000\051}{subsection.2.1}% 4
\BOOKMARK [3][-]{subsubsection.2.1.2}{\376\377\000T\000h\000e\000\040\000G\000e\000o\000m\000e\000t\000r\000i\000c\000\040\000C\000o\000n\000s\000t\000a\000n\000t\000\040\000Y}{subsection.2.1}% 5
\BOOKMARK [3][-]{subsubsection.2.1.3}{\376\377\0002\0004\000-\000D\000i\000m\000e\000n\000s\000i\000o\000n\000a\000l\000\040\000L\000e\000e\000c\000h\000\040\000L\000a\000t\000t\000i\000c\000e}{subsection.2.1}% 6
\BOOKMARK [3][-]{subsubsection.2.1.4}{\376\377\000G\000o\000l\000a\000y\000\050\0002\0004\000,\0001\0002\000\051\000\040\000E\000r\000r\000o\000r\000-\000C\000o\000r\000r\000e\000c\000t\000i\000n\000g\000\040\000C\000o\000d\000e}{subsection.2.1}% 7
\BOOKMARK [2][-]{subsection.2.2}{\376\377\000U\000n\000i\000v\000e\000r\000s\000a\000l\000\040\000G\000e\000o\000m\000e\000t\000r\000i\000c\000\040\000S\000c\000a\000l\000i\000n\000g\000\040\000L\000a\000w}{section.2}% 8
\BOOKMARK [2][-]{subsection.2.3}{\376\377\000C\000o\000m\000p\000u\000t\000a\000t\000i\000o\000n\000a\000l\000\040\000I\000m\000p\000l\000e\000m\000e\000n\000t\000a\000t\000i\000o\000n}{section.2}% 9
\BOOKMARK [1][-]{section.3}{\376\377\000R\000e\000s\000u\000l\000t\000s}{}% 10
\BOOKMARK [2][-]{subsection.3.1}{\376\377\000L\000e\000p\000t\000o\000n\000\040\000M\000a\000s\000s\000\040\000P\000r\000e\000d\000i\000c\000t\000i\000o\000n\000s}{section.3}% 11
\BOOKMARK [3][-]{subsubsection.3.1.1}{\376\377\000E\000l\000e\000c\000t\000r\000o\000n\000-\000M\000u\000o\000n\000\040\000R\000a\000t\000i\000o}{subsection.3.1}% 12
\BOOKMARK [2][-]{subsection.3.2}{\376\377\000Q\000u\000a\000r\000k\000\040\000M\000a\000s\000s\000\040\000R\000a\000t\000i\000o\000s}{section.3}% 13
\BOOKMARK [2][-]{subsection.3.3}{\376\377\000B\000a\000r\000y\000o\000n\000\040\000P\000r\000e\000d\000i\000c\000t\000i\000o\000n\000s}{section.3}% 14
\BOOKMARK [3][-]{subsubsection.3.3.1}{\376\377\000T\000h\000e\000\040\000P\000r\000o\000t\000o\000n\000\040\000M\000a\000s\000s\000\040\000\050\000B\000r\000e\000a\000k\000t\000h\000r\000o\000u\000g\000h\000\040\000R\000e\000s\000u\000l\000t\000\051}{subsection.3.3}% 15
\BOOKMARK [3][-]{subsubsection.3.3.2}{\376\377\000H\000y\000p\000e\000r\000o\000n\000s\000\040\000\050\000S\000t\000r\000a\000n\000g\000e\000\040\000B\000a\000r\000y\000o\000n\000s\000\051}{subsection.3.3}% 16
\BOOKMARK [2][-]{subsection.3.4}{\376\377\000C\000o\000u\000p\000l\000i\000n\000g\000\040\000C\000o\000n\000s\000t\000a\000n\000t\000s\000\040\000f\000r\000o\000m\000\040\000P\000u\000r\000e\000\040\000G\000e\000o\000m\000e\000t\000r\000y}{section.3}% 17
\BOOKMARK [3][-]{subsubsection.3.4.1}{\376\377\000S\000t\000r\000o\000n\000g\000\040\000C\000o\000u\000p\000l\000i\000n\000g\000\040\000C\000o\000n\000s\000t\000a\000n\000t\000\040\000s}{subsection.3.4}% 18
\BOOKMARK [3][-]{subsubsection.3.4.2}{\376\377\000W\000e\000i\000n\000b\000e\000r\000g\000\040\000M\000i\000x\000i\000n\000g\000\040\000A\000n\000g\000l\000e}{subsection.3.4}% 19
\BOOKMARK [1][-]{section.4}{\376\377\000S\000t\000a\000t\000i\000s\000t\000i\000c\000a\000l\000\040\000V\000a\000l\000i\000d\000a\000t\000i\000o\000n}{}% 20
\BOOKMARK [2][-]{subsection.4.1}{\376\377\000O\000v\000e\000r\000a\000l\000l\000\040\000P\000e\000r\000f\000o\000r\000m\000a\000n\000c\000e}{section.4}% 21
\BOOKMARK [2][-]{subsection.4.2}{\376\377\000S\000u\000c\000c\000e\000s\000s\000\040\000R\000a\000t\000e\000\040\000M\000e\000t\000r\000i\000c\000s}{section.4}% 22
\BOOKMARK [1][-]{section.5}{\376\377\000F\000i\000g\000u\000r\000e\000s\000\040\000a\000n\000d\000\040\000R\000e\000s\000u\000l\000t\000s}{}% 23
\BOOKMARK [1][-]{section.6}{\376\377\000D\000i\000s\000c\000u\000s\000s\000i\000o\000n}{}% 24
\BOOKMARK [2][-]{subsection.6.1}{\376\377\000T\000h\000e\000\040\000N\000a\000t\000u\000r\000e\000\040\000o\000f\000\040\000M\000a\000s\000s}{section.6}% 25
\BOOKMARK [2][-]{subsection.6.2}{\376\377\000T\000h\000e\000\040\0002\0004\000D\000\040\000C\000o\000h\000e\000r\000e\000n\000c\000e\000\040\000M\000a\000n\000i\000f\000o\000l\000d}{section.6}% 26
\BOOKMARK [2][-]{subsection.6.3}{\376\377\000C\000o\000l\000o\000r\000\040\000C\000o\000n\000f\000i\000n\000e\000m\000e\000n\000t\000\040\000f\000r\000o\000m\000\040\000L\000a\000t\000t\000i\000c\000e\000\040\000Q\000u\000a\000n\000t\000i\000z\000a\000t\000i\000o\000n}{section.6}% 27
\BOOKMARK [1][-]{section.7}{\376\377\000C\000o\000n\000c\000l\000u\000s\000i\000o\000n\000s}{}% 28
\BOOKMARK [2][-]{subsection.7.1}{\376\377\000E\000x\000p\000e\000r\000i\000m\000e\000n\000t\000a\000l\000\040\000P\000r\000e\000d\000i\000c\000t\000i\000o\000n\000s}{section.7}% 29
