================================================================================
SYSTEMATIC SEARCH FOR δ_τ (TAU CORRECTION FACTOR)
================================================================================

🎯 Target: δ_τ = 0.0825268035

Fundamental Constants:
  Y = 0.2646754304
  π = 3.1415926536
  e = 2.7182818285
  φ = 1.6180339887

================================================================================
Generating candidate expressions...
Generated 228 candidates in 0.00s

================================================================================
TOP 50 CANDIDATES (Ranked by Error)
================================================================================
Rank  Expression               Value             Error %     Status
--------------------------------------------------------------------------------
1     Y/π                      0.0842488061      2.086598    
2     3Y/10                    0.0794026291      3.785648    
3     Y/(Y+π)                  0.0777024661      5.845782    
4     1Y/3                     0.0882251435      6.904835    
5     Y^1/3                    0.0882251435      6.904835    
6     2Y/6                     0.0882251435      6.904835    
7     3Y/9                     0.0882251435      6.904835    
8     2Y/7                     0.0756215515      8.367284    
9     Y^2                      0.0700530835      15.114750   
10    Y^2/1                    0.0700530835      15.114750   

11    Y/e                      0.0973686494      17.984273   
12    1Y/4                     0.0661688576      19.821373   
13    Y^1/4                    0.0661688576      19.821373   
14    2Y/8                     0.0661688576      19.821373   
15    3Y/8                     0.0992532864      20.267940   
16    2Y/5                     0.1058701722      28.285803   
17    4Y/10                    0.1058701722      28.285803   
18    2Y/9                     0.0588167623      28.730110   
19    1Y/5                     0.0529350861      35.857099   
20    Y^1/5                    0.0529350861      35.857099   

21    2Y/10                    0.0529350861      35.857099   
22    3Y/7                     0.1134323273      37.449074   
23    Y/(Y+2)                  0.1168712421      41.616102   
24    4Y/9                     0.1176335246      42.539781   
25    1Y/6                     0.0441125717      46.547582   
26    Y^1/6                    0.0441125717      46.547582   
27    1Y/7                     0.0378107758      54.183642   
28    Y^1/7                    0.0378107758      54.183642   
29    1Y/8                     0.0330844288      59.910687   
30    Y^1/8                    0.0330844288      59.910687   

31    1Y/2                     0.1323377152      60.357253   
32    Y^1/2                    0.1323377152      60.357253   
33    2Y/4                     0.1323377152      60.357253   
34    3Y/6                     0.1323377152      60.357253   
35    4Y/8                     0.1323377152      60.357253   
36    5Y/10                    0.1323377152      60.357253   
37    1Y/9                     0.0294083812      64.365055   
38    Y^1/9                    0.0294083812      64.365055   
39    1Y/10                    0.0264675430      67.928549   
40    Y^1/10                   0.0264675430      67.928549   

41    Y^2/3                    0.0233510278      71.704917   
42    Y²/π                     0.0222985890      72.980186   
43    Y^3                      0.0185413300      77.532960   
44    Y^3/1                    0.0185413300      77.532960   
45    Y²/Y_inv                 0.0185413300      77.532960   
46    5Y/9                     0.1470419058      78.174726   
47    Y^2/4                    0.0175132709      78.778688   
48    Y/√π                     0.1493271209      80.943784   
49    Y^2/5                    0.0140106167      83.022950   
50    4Y/7                     0.1512431031      83.265432   


================================================================================
OPTIMIZATION: Best Integer Ratio for Y
================================================================================
Searching n/d ratios where n,d ∈ [1,100]...
Progress: 0/10000 ratios tested...
Progress: 1000/10000 ratios tested...
Progress: 2000/10000 ratios tested...
Progress: 3000/10000 ratios tested...
Progress: 4000/10000 ratios tested...
Progress: 5000/10000 ratios tested...
Progress: 6000/10000 ratios tested...
Progress: 7000/10000 ratios tested...
Progress: 8000/10000 ratios tested...
Progress: 9000/10000 ratios tested...

🎯 Best Integer Ratio:
   δ_τ ≈ (29/93) × Y = 0.0825331987
   Error: 0.007749%

================================================================================
OPTIMIZATION: Best Power Law
================================================================================
Testing Y^α for α ∈ [-5, 5]...
  α = -5.0: Y^α = 769.8956398178, error = 932803.744105%
  α = -4.0: Y^α = 203.7724598353, error = 246816.699997%
  α = -3.0: Y^α = 53.9335635115, error = 65252.783846%
  α = -2.0: Y^α = 14.2748891357, error = 17197.276193%
  α = -1.0: Y^α = 3.7782124260, error = 4478.164021%
  α = 0.0: Y^α = 1.0000000000, error = 1111.727533%
  α = 1.0: Y^α = 0.2646754304, error = 220.714506%
  α = 2.0: Y^α = 0.0700530835, error = 15.114750%
  α = 3.0: Y^α = 0.0185413300, error = 77.532960%
  α = 4.0: Y^α = 0.0049074345, error = 94.053526%
  α = 5.0: Y^α = 0.0012988773, error = 98.426115%

🎯 Best Power Law:
   δ_τ ≈ Y^1.90 = 0.0800121413
   Error: 3.047085%
Traceback (most recent call last):
  File "/app/sandbox/session_20251215_122025_664f88889fdc/workflow/02_search_delta_tau.py", line 241, in <module>
    json.dump(output, f, indent=2)
  File "/usr/local/lib/python3.12/json/__init__.py", line 179, in dump
    for chunk in iterable:
                 ^^^^^^^^
  File "/usr/local/lib/python3.12/json/encoder.py", line 432, in _iterencode
    yield from _iterencode_dict(o, _current_indent_level)
  File "/usr/local/lib/python3.12/json/encoder.py", line 406, in _iterencode_dict
    yield from chunks
  File "/usr/local/lib/python3.12/json/encoder.py", line 406, in _iterencode_dict
    yield from chunks
  File "/usr/local/lib/python3.12/json/encoder.py", line 439, in _iterencode
    o = _default(o)
        ^^^^^^^^^^^
  File "/usr/local/lib/python3.12/json/encoder.py", line 180, in default
    raise TypeError(f'Object of type {o.__class__.__name__} '
TypeError: Object of type mpf is not JSON serializable
46    5Y/9                     0.1470419058      78.174726   
47    Y^2/4                    0.0175132709      78.778688   
48    Y/√π                     0.1493271209      80.943784   
49    Y^2/5                    0.0140106167      83.022950   
50    4Y/7                     0.1512431031      83.265432   


================================================================================
OPTIMIZATION: Best Integer Ratio for Y
================================================================================
Searching n/d ratios where n,d ∈ [1,100]...
Progress: 0/10000 ratios tested...
Progress: 1000/10000 ratios tested...
Progress: 2000/10000 ratios tested...
Progress: 3000/10000 ratios tested...
Progress: 4000/10000 ratios tested...
Progress: 5000/10000 ratios tested...
Progress: 6000/10000 ratios tested...
Progress: 7000/10000 ratios tested...
Progress: 8000/10000 ratios tested...
Progress: 9000/10000 ratios tested...

🎯 Best Integer Ratio:
   δ_τ ≈ (29/93) × Y = 0.0825331987
   Error: 0.007749%

================================================================================
OPTIMIZATION: Best Power Law
================================================================================
Testing Y^α for α ∈ [-5, 5]...
  α = -5.0: Y^α = 769.8956398178, error = 932803.744105%
  α = -4.0: Y^α = 203.7724598353, error = 246816.699997%
  α = -3.0: Y^α = 53.9335635115, error = 65252.783846%
  α = -2.0: Y^α = 14.2748891357, error = 17197.276193%
  α = -1.0: Y^α = 3.7782124260, error = 4478.164021%
  α = 0.0: Y^α = 1.0000000000, error = 1111.727533%
  α = 1.0: Y^α = 0.2646754304, error = 220.714506%
  α = 2.0: Y^α = 0.0700530835, error = 15.114750%
  α = 3.0: Y^α = 0.0185413300, error = 77.532960%
  α = 4.0: Y^α = 0.0049074345, error = 94.053526%
  α = 5.0: Y^α = 0.0012988773, error = 98.426115%

🎯 Best Power Law:
   δ_τ ≈ Y^1.90 = 0.0800121413
   Error: 3.047085%

================================================================================
✅ Search complete
📁 Results saved to: /app/sandbox/session_20251215_122025_664f88889fdc/results/delta_tau_search.json
================================================================================
