================================================================================
SYSTEMATIC SEARCH FOR δ_W (WEAK BOSON CORRECTION FACTOR)
================================================================================

🎯 Target: δ_W = 204.3105224249

Fundamental Constants:
  Y = 0.2646754304
  1/Y = 3.7782124260
  π = 3.1415926536
  e = 2.7182818285
  φ = 1.6180339887
  sin²θ_W = 0.2229000000
  α_em = 0.0072973526

================================================================================
Generating candidate expressions...
Generated 97 candidates in 0.00s

================================================================================
TOP 50 CANDIDATES (Ranked by Error)
================================================================================
Rank  Expression               Value             Error %     Status
--------------------------------------------------------------------------------
1     75e                      203.871137        0.215058    ✅
2     Y^(-4)                   203.772460        0.263355    ✅
3     (1/Y)^4                  203.772460        0.263355    ✅
4     64π                      201.061930        1.590027    ⚠️
5     π²×20                    197.392088        3.386235    ⚠️
6     e²×25                    184.726402        9.585468    
7     72π                      226.194671        10.711220   
8     65e                      176.688319        13.519717   
9     π×e^4                    171.525147        16.046836   
10    50×π                     157.079633        23.117209   

11    π^4×e                    264.785362        29.599474   
12    1/α                      137.035999        32.927586   
13    100×e                    271.828183        33.046590   
14    50×e                     135.914091        33.476705   
15    100×π                    314.159265        53.765583   
16    π^3×e                    84.283798         58.747206   
17    (1/Y)^4/e                74.963699         63.308939   
18    250×Y                    66.168858         67.613583   
19    250/(1/Y)                66.168858         67.613583   
20    (1/Y)^4/π                64.862788         68.252840   

21    π×e^3                    63.100575         69.115357   
22    20×π                     62.831853         69.246883   
23    20×e                     54.365637         73.390682   
24    Y^(-3)                   53.933564         73.602161   
25    (1/Y)^3                  53.933564         73.602161   
26    200×Y                    52.935086         74.090866   
27    200/(1/Y)                52.935086         74.090866   
28    Y×(1/α)                  36.270062         82.247580   
29    137×Y                    36.260534         82.252244   
30    137/(1/Y)                36.260534         82.252244   

31    137×e                    372.404610        82.273828   
32    (π+e)²                   34.338129         83.193167   
33    10×π                     31.415927         84.623442   
34    π³                       31.006277         84.823945   
35    10×e                     27.182818         86.695341   
36    π²×e                     26.828366         86.868828   
37    π^2×e                    26.828366         86.868828   
38    100×Y                    26.467543         87.045433   
39    100/(1/Y)                26.467543         87.045433   
40    π×e²                     23.213404         88.638175   

41    π×e^2                    23.213404         88.638175   
42    e³                       20.085537         90.169113   
43    (1/Y)^3/e                19.841049         90.288778   
44    π²+e²                    17.258661         91.552730   
45    (1/Y)^3/π                17.167586         91.597307   
46    (1/Y)/sin²θ_W            16.950258         91.703679   
47    Y^(-2)                   14.274889         93.013141   
48    (1/Y)^2                  14.274889         93.013141   
49    π/sin²θ_W                14.094180         93.101589   
50    π×e×φ                    13.817580         93.236971   


================================================================================
OPTIMIZATION: Best Integer Multiple of (1/Y)
================================================================================
Testing n×(1/Y) for n ∈ [1,1000]...
Progress: 100/1000...
Progress: 200/1000...
Progress: 300/1000...
Progress: 400/1000...
Progress: 500/1000...
Progress: 600/1000...
Progress: 700/1000...
Progress: 800/1000...
Progress: 900/1000...
Progress: 1000/1000...

🎯 Best Integer Multiple:
   δ_W ≈ 54 × (1/Y) = 204.0234710017
   Error: 0.140498%

================================================================================
OPTIMIZATION: Best Rational Multiple of (1/Y)
================================================================================
Testing (n/d)×(1/Y) for n,d ∈ [1,100]...
Progress: 0/10000...
Progress: 1000/10000...
Progress: 2000/10000...
Progress: 3000/10000...
Progress: 4000/10000...
Progress: 5000/10000...
Progress: 6000/10000...
Progress: 7000/10000...
Progress: 8000/10000...
Progress: 9000/10000...

🎯 Best Rational Multiple:
   δ_W ≈ (54/1) × (1/Y) = 204.0234710017
   Error: 0.140498%

================================================================================
✅ Search complete
📁 Results saved to: /app/sandbox/session_20251215_122025_664f88889fdc/results/delta_w_search.json
================================================================================
