09:23:54 | WARNING | SymPy not available — Oracle layer disabled
09:23:54 | INFO    | UBP Core loaded — real Golay/Leech engines active
[critpt_glm_patch] installed _try_glm_seeded on UBPSovereignSolver
[GLMRuntime] booting GLM v3.1 (semantic edition) ...

======================================================================
GLM STRICT VOCABULARY BUILDER v3.0
======================================================================
  System KB: 746 entries
  Language KB: 1042 entries

  Strictly grounded words: 1707
  Lexical gaps (d > 6): 10
  NOUNs: 1273
  VERBs: 87
  ADJECTIVEs: 60
  OPERATORs: 209
  Adjacency edges: 571883
======================================================================
[GLMRuntime] ready (v3.1).
Tokens: ['what', 'is', 'relationship', 'between', 'proton', 'and', 'electron']
Known: ['what', 'is', 'relationship', 'between', 'proton', 'and', 'electron']
Response: [OP_WHAT] resonance=1.00 NRCI=0.811  |  what_h define isomorph(m, s) iff action(m) — the substrate geometry links them via shared codeword structure.  |  [Math Verification] Ontological Health (Reality:0.17, Info:0.00, Activation:0.17, Potential:0.17) | Symmetry Tax: 2.34 | Verified NRCI: 0.8105  |  Also grounded: GDB_is (res=1.00); LAW_RELATIONSHIP_001 (res=1.00).
