09:05:03 | WARNING | SymPy not available — Oracle layer disabled
09:05:03 | INFO    | UBP Core loaded — real Golay/Leech engines active
[critpt_glm_patch] installed _try_glm_seeded on UBPSovereignSolver
[GLMRuntime] booting GLM v3.1 (semantic edition) ...

======================================================================
GLM STRICT VOCABULARY BUILDER v3.0
======================================================================
  System KB: 746 entries
  Language KB: 1042 entries

  Strictly grounded words: 1707
  Lexical gaps (d > 6): 10
  NOUNs: 1273
  VERBs: 87
  ADJECTIVEs: 60
  OPERATORs: 209
  Adjacency edges: 571883
======================================================================
[GLMRuntime] ready (v3.1).
Tokens: ['what', 'is', 'relationship', 'between', 'proton', 'and', 'electron']
Known: ['what', 'is', 'relationship', 'between', 'proton', 'and', 'electron']
